../Core/Src/main.c:99:5:main	24	static,ignoring_inline_asm
../Core/Src/main.c:202:6:SystemClock_Config	120	static
../Core/Src/main.c:264:13:MX_CRC_Init	8	static
../Core/Src/main.c:295:13:MX_DMA2D_Init	8	static
../Core/Src/main.c:335:13:MX_I2C4_Init	8	static
../Core/Src/main.c:383:13:MX_LTDC_Init	64	static
../Core/Src/main.c:445:13:MX_OCTOSPI1_Init	16	static
../Core/Src/main.c:500:13:MX_GPIO_Init	56	static
../Core/Src/main.c:587:6:StartDefaultTask	16	static
../Core/Src/main.c:601:6:MPU_Config	24	static
../Core/Src/main.c:661:6:HAL_TIM_PeriodElapsedCallback	16	static
../Core/Src/main.c:678:6:Error_Handler	4	static,ignoring_inline_asm
