../Core/Src/main.c:104:5:main	24	static,ignoring_inline_asm
../Core/Src/main.c:210:6:SystemClock_Config	120	static
../Core/Src/main.c:272:13:MX_CRC_Init	8	static
../Core/Src/main.c:303:13:MX_DMA2D_Init	8	static
../Core/Src/main.c:343:13:MX_I2C4_Init	8	static
../Core/Src/main.c:391:13:MX_LTDC_Init	64	static
../Core/Src/main.c:453:13:MX_OCTOSPI1_Init	16	static
../Core/Src/main.c:508:13:MX_GPIO_Init	64	static
../Core/Src/main.c:605:6:HAL_GPIO_EXTI_Callback	16	static
../Core/Src/main.c:621:6:StartDefaultTask	16	static
../Core/Src/main.c:634:6:MPU_Config	24	static
../Core/Src/main.c:694:6:HAL_TIM_PeriodElapsedCallback	16	static
../Core/Src/main.c:711:6:Error_Handler	4	static,ignoring_inline_asm
